Archive member included to satisfy reference by file (symbol)

c:/program files (x86)/atmel/studio/7.0/toolchain/avr8/avr8-gnu-toolchain/bin/../lib/gcc/avr/4.9.2/avr25\libgcc.a(_udivmodqi4.o)
                              NarsilM.o (__udivmodqi4)
c:/program files (x86)/atmel/studio/7.0/toolchain/avr8/avr8-gnu-toolchain/bin/../lib/gcc/avr/4.9.2/avr25\libgcc.a(_udivmodhi4.o)
                              NarsilM.o (__udivmodhi4)
c:/program files (x86)/atmel/studio/7.0/toolchain/avr8/avr8-gnu-toolchain/bin/../lib/gcc/avr/4.9.2/avr25\libgcc.a(_divmodhi4.o)
                              NarsilM.o (__divmodhi4)
c:/program files (x86)/atmel/studio/7.0/toolchain/avr8/avr8-gnu-toolchain/bin/../lib/gcc/avr/4.9.2/avr25\libgcc.a(_exit.o)
                              c:/program files (x86)/atmel/studio/7.0/toolchain/avr8/avr8-gnu-toolchain/bin/../lib/gcc/avr/4.9.2/../../../../avr/lib/avr25/crtattiny85.o (exit)
c:/program files (x86)/atmel/studio/7.0/toolchain/avr8/avr8-gnu-toolchain/bin/../lib/gcc/avr/4.9.2/avr25\libgcc.a(_copy_data.o)
                              NarsilM.o (__do_copy_data)
c:/program files (x86)/atmel/studio/7.0/toolchain/avr8/avr8-gnu-toolchain/bin/../lib/gcc/avr/4.9.2/avr25\libgcc.a(_clear_bss.o)
                              NarsilM.o (__do_clear_bss)
c:/program files (x86)/atmel/studio/7.0/toolchain/avr8/avr8-gnu-toolchain/bin/../lib/gcc/avr/4.9.2/../../../../avr/lib/avr25\libattiny85.a(eerd_byte.o)
                              NarsilM.o (eeprom_read_byte)

Allocating common symbols
Common symbol       size              file

config2             0x1               NarsilM.o
currOutLvl2         0x1               NarsilM.o
stepdownMode        0x1               NarsilM.o
highToLow           0x1               NarsilM.o
ramping             0x1               NarsilM.o
byFETModes          0xa               NarsilM.o
by7135Modes         0xa               NarsilM.o
modesCnt            0x1               NarsilM.o
bvldLedOnly         0x1               NarsilM.o
currOutLvl1         0x1               NarsilM.o
outLevel            0x1               NarsilM.o
blinkyMode          0x1               NarsilM.o
rampPauseCntDn      0x1               NarsilM.o
locatorLed          0x1               NarsilM.o
last_modeIdx        0x1               NarsilM.o
config3             0x1               NarsilM.o
byStartupDelayTime  0x1               NarsilM.o
onboardLedEnable    0x1               NarsilM.o
modeSetIdx          0x1               NarsilM.o
config1             0x1               NarsilM.o
locatorLedOn        0x1               NarsilM.o
modeMemoryEnabled   0x1               NarsilM.o
moonlightLevel      0x1               NarsilM.o
moonLightEnable     0x1               NarsilM.o
specModeIdx         0x1               NarsilM.o

Discarded input sections

 .data          0x00000000        0x0 c:/program files (x86)/atmel/studio/7.0/toolchain/avr8/avr8-gnu-toolchain/bin/../lib/gcc/avr/4.9.2/../../../../avr/lib/avr25/crtattiny85.o
 .bss           0x00000000        0x0 c:/program files (x86)/atmel/studio/7.0/toolchain/avr8/avr8-gnu-toolchain/bin/../lib/gcc/avr/4.9.2/../../../../avr/lib/avr25/crtattiny85.o
 .text          0x00000000        0x0 NarsilM.o
 .data          0x00000000        0x0 NarsilM.o
 .bss           0x00000000        0x0 NarsilM.o
 .text._delay_s
                0x00000000        0x6 NarsilM.o
 .text.pgm_rand
                0x00000000       0x1a NarsilM.o
 .data.offset.1715
                0x00000000        0x2 NarsilM.o
 .avr.prop      0x00000000       0x16 NarsilM.o
 .text          0x00000000        0x0 c:/program files (x86)/atmel/studio/7.0/toolchain/avr8/avr8-gnu-toolchain/bin/../lib/gcc/avr/4.9.2/avr25\libgcc.a(_udivmodqi4.o)
 .data          0x00000000        0x0 c:/program files (x86)/atmel/studio/7.0/toolchain/avr8/avr8-gnu-toolchain/bin/../lib/gcc/avr/4.9.2/avr25\libgcc.a(_udivmodqi4.o)
 .bss           0x00000000        0x0 c:/program files (x86)/atmel/studio/7.0/toolchain/avr8/avr8-gnu-toolchain/bin/../lib/gcc/avr/4.9.2/avr25\libgcc.a(_udivmodqi4.o)
 .text.libgcc.mul
                0x00000000        0x0 c:/program files (x86)/atmel/studio/7.0/toolchain/avr8/avr8-gnu-toolchain/bin/../lib/gcc/avr/4.9.2/avr25\libgcc.a(_udivmodqi4.o)
 .text.libgcc   0x00000000        0x0 c:/program files (x86)/atmel/studio/7.0/toolchain/avr8/avr8-gnu-toolchain/bin/../lib/gcc/avr/4.9.2/avr25\libgcc.a(_udivmodqi4.o)
 .text.libgcc.prologue
                0x00000000        0x0 c:/program files (x86)/atmel/studio/7.0/toolchain/avr8/avr8-gnu-toolchain/bin/../lib/gcc/avr/4.9.2/avr25\libgcc.a(_udivmodqi4.o)
 .text.libgcc.builtins
                0x00000000        0x0 c:/program files (x86)/atmel/studio/7.0/toolchain/avr8/avr8-gnu-toolchain/bin/../lib/gcc/avr/4.9.2/avr25\libgcc.a(_udivmodqi4.o)
 .text.libgcc.fmul
                0x00000000        0x0 c:/program files (x86)/atmel/studio/7.0/toolchain/avr8/avr8-gnu-toolchain/bin/../lib/gcc/avr/4.9.2/avr25\libgcc.a(_udivmodqi4.o)
 .text.libgcc.fixed
                0x00000000        0x0 c:/program files (x86)/atmel/studio/7.0/toolchain/avr8/avr8-gnu-toolchain/bin/../lib/gcc/avr/4.9.2/avr25\libgcc.a(_udivmodqi4.o)
 .text          0x00000000        0x0 c:/program files (x86)/atmel/studio/7.0/toolchain/avr8/avr8-gnu-toolchain/bin/../lib/gcc/avr/4.9.2/avr25\libgcc.a(_udivmodhi4.o)
 .data          0x00000000        0x0 c:/program files (x86)/atmel/studio/7.0/toolchain/avr8/avr8-gnu-toolchain/bin/../lib/gcc/avr/4.9.2/avr25\libgcc.a(_udivmodhi4.o)
 .bss           0x00000000        0x0 c:/program files (x86)/atmel/studio/7.0/toolchain/avr8/avr8-gnu-toolchain/bin/../lib/gcc/avr/4.9.2/avr25\libgcc.a(_udivmodhi4.o)
 .text.libgcc.mul
                0x00000000        0x0 c:/program files (x86)/atmel/studio/7.0/toolchain/avr8/avr8-gnu-toolchain/bin/../lib/gcc/avr/4.9.2/avr25\libgcc.a(_udivmodhi4.o)
 .text.libgcc   0x00000000        0x0 c:/program files (x86)/atmel/studio/7.0/toolchain/avr8/avr8-gnu-toolchain/bin/../lib/gcc/avr/4.9.2/avr25\libgcc.a(_udivmodhi4.o)
 .text.libgcc.prologue
                0x00000000        0x0 c:/program files (x86)/atmel/studio/7.0/toolchain/avr8/avr8-gnu-toolchain/bin/../lib/gcc/avr/4.9.2/avr25\libgcc.a(_udivmodhi4.o)
 .text.libgcc.builtins
                0x00000000        0x0 c:/program files (x86)/atmel/studio/7.0/toolchain/avr8/avr8-gnu-toolchain/bin/../lib/gcc/avr/4.9.2/avr25\libgcc.a(_udivmodhi4.o)
 .text.libgcc.fmul
                0x00000000        0x0 c:/program files (x86)/atmel/studio/7.0/toolchain/avr8/avr8-gnu-toolchain/bin/../lib/gcc/avr/4.9.2/avr25\libgcc.a(_udivmodhi4.o)
 .text.libgcc.fixed
                0x00000000        0x0 c:/program files (x86)/atmel/studio/7.0/toolchain/avr8/avr8-gnu-toolchain/bin/../lib/gcc/avr/4.9.2/avr25\libgcc.a(_udivmodhi4.o)
 .text          0x00000000        0x0 c:/program files (x86)/atmel/studio/7.0/toolchain/avr8/avr8-gnu-toolchain/bin/../lib/gcc/avr/4.9.2/avr25\libgcc.a(_divmodhi4.o)
 .data          0x00000000        0x0 c:/program files (x86)/atmel/studio/7.0/toolchain/avr8/avr8-gnu-toolchain/bin/../lib/gcc/avr/4.9.2/avr25\libgcc.a(_divmodhi4.o)
 .bss           0x00000000        0x0 c:/program files (x86)/atmel/studio/7.0/toolchain/avr8/avr8-gnu-toolchain/bin/../lib/gcc/avr/4.9.2/avr25\libgcc.a(_divmodhi4.o)
 .text.libgcc.mul
                0x00000000        0x0 c:/program files (x86)/atmel/studio/7.0/toolchain/avr8/avr8-gnu-toolchain/bin/../lib/gcc/avr/4.9.2/avr25\libgcc.a(_divmodhi4.o)
 .text.libgcc   0x00000000        0x0 c:/program files (x86)/atmel/studio/7.0/toolchain/avr8/avr8-gnu-toolchain/bin/../lib/gcc/avr/4.9.2/avr25\libgcc.a(_divmodhi4.o)
 .text.libgcc.prologue
                0x00000000        0x0 c:/program files (x86)/atmel/studio/7.0/toolchain/avr8/avr8-gnu-toolchain/bin/../lib/gcc/avr/4.9.2/avr25\libgcc.a(_divmodhi4.o)
 .text.libgcc.builtins
                0x00000000        0x0 c:/program files (x86)/atmel/studio/7.0/toolchain/avr8/avr8-gnu-toolchain/bin/../lib/gcc/avr/4.9.2/avr25\libgcc.a(_divmodhi4.o)
 .text.libgcc.fmul
                0x00000000        0x0 c:/program files (x86)/atmel/studio/7.0/toolchain/avr8/avr8-gnu-toolchain/bin/../lib/gcc/avr/4.9.2/avr25\libgcc.a(_divmodhi4.o)
 .text.libgcc.fixed
                0x00000000        0x0 c:/program files (x86)/atmel/studio/7.0/toolchain/avr8/avr8-gnu-toolchain/bin/../lib/gcc/avr/4.9.2/avr25\libgcc.a(_divmodhi4.o)
 .text          0x00000000        0x0 c:/program files (x86)/atmel/studio/7.0/toolchain/avr8/avr8-gnu-toolchain/bin/../lib/gcc/avr/4.9.2/avr25\libgcc.a(_exit.o)
 .data          0x00000000        0x0 c:/program files (x86)/atmel/studio/7.0/toolchain/avr8/avr8-gnu-toolchain/bin/../lib/gcc/avr/4.9.2/avr25\libgcc.a(_exit.o)
 .bss           0x00000000        0x0 c:/program files (x86)/atmel/studio/7.0/toolchain/avr8/avr8-gnu-toolchain/bin/../lib/gcc/avr/4.9.2/avr25\libgcc.a(_exit.o)
 .text.libgcc.mul
                0x00000000        0x0 c:/program files (x86)/atmel/studio/7.0/toolchain/avr8/avr8-gnu-toolchain/bin/../lib/gcc/avr/4.9.2/avr25\libgcc.a(_exit.o)
 .text.libgcc.div
                0x00000000        0x0 c:/program files (x86)/atmel/studio/7.0/toolchain/avr8/avr8-gnu-toolchain/bin/../lib/gcc/avr/4.9.2/avr25\libgcc.a(_exit.o)
 .text.libgcc   0x00000000        0x0 c:/program files (x86)/atmel/studio/7.0/toolchain/avr8/avr8-gnu-toolchain/bin/../lib/gcc/avr/4.9.2/avr25\libgcc.a(_exit.o)
 .text.libgcc.prologue
                0x00000000        0x0 c:/program files (x86)/atmel/studio/7.0/toolchain/avr8/avr8-gnu-toolchain/bin/../lib/gcc/avr/4.9.2/avr25\libgcc.a(_exit.o)
 .text.libgcc.builtins
                0x00000000        0x0 c:/program files (x86)/atmel/studio/7.0/toolchain/avr8/avr8-gnu-toolchain/bin/../lib/gcc/avr/4.9.2/avr25\libgcc.a(_exit.o)
 .text.libgcc.fmul
                0x00000000        0x0 c:/program files (x86)/atmel/studio/7.0/toolchain/avr8/avr8-gnu-toolchain/bin/../lib/gcc/avr/4.9.2/avr25\libgcc.a(_exit.o)
 .text.libgcc.fixed
                0x00000000        0x0 c:/program files (x86)/atmel/studio/7.0/toolchain/avr8/avr8-gnu-toolchain/bin/../lib/gcc/avr/4.9.2/avr25\libgcc.a(_exit.o)
 .text          0x00000000        0x0 c:/program files (x86)/atmel/studio/7.0/toolchain/avr8/avr8-gnu-toolchain/bin/../lib/gcc/avr/4.9.2/avr25\libgcc.a(_copy_data.o)
 .data          0x00000000        0x0 c:/program files (x86)/atmel/studio/7.0/toolchain/avr8/avr8-gnu-toolchain/bin/../lib/gcc/avr/4.9.2/avr25\libgcc.a(_copy_data.o)
 .bss           0x00000000        0x0 c:/program files (x86)/atmel/studio/7.0/toolchain/avr8/avr8-gnu-toolchain/bin/../lib/gcc/avr/4.9.2/avr25\libgcc.a(_copy_data.o)
 .text.libgcc.mul
                0x00000000        0x0 c:/program files (x86)/atmel/studio/7.0/toolchain/avr8/avr8-gnu-toolchain/bin/../lib/gcc/avr/4.9.2/avr25\libgcc.a(_copy_data.o)
 .text.libgcc.div
                0x00000000        0x0 c:/program files (x86)/atmel/studio/7.0/toolchain/avr8/avr8-gnu-toolchain/bin/../lib/gcc/avr/4.9.2/avr25\libgcc.a(_copy_data.o)
 .text.libgcc   0x00000000        0x0 c:/program files (x86)/atmel/studio/7.0/toolchain/avr8/avr8-gnu-toolchain/bin/../lib/gcc/avr/4.9.2/avr25\libgcc.a(_copy_data.o)
 .text.libgcc.prologue
                0x00000000        0x0 c:/program files (x86)/atmel/studio/7.0/toolchain/avr8/avr8-gnu-toolchain/bin/../lib/gcc/avr/4.9.2/avr25\libgcc.a(_copy_data.o)
 .text.libgcc.builtins
                0x00000000        0x0 c:/program files (x86)/atmel/studio/7.0/toolchain/avr8/avr8-gnu-toolchain/bin/../lib/gcc/avr/4.9.2/avr25\libgcc.a(_copy_data.o)
 .text.libgcc.fmul
                0x00000000        0x0 c:/program files (x86)/atmel/studio/7.0/toolchain/avr8/avr8-gnu-toolchain/bin/../lib/gcc/avr/4.9.2/avr25\libgcc.a(_copy_data.o)
 .text.libgcc.fixed
                0x00000000        0x0 c:/program files (x86)/atmel/studio/7.0/toolchain/avr8/avr8-gnu-toolchain/bin/../lib/gcc/avr/4.9.2/avr25\libgcc.a(_copy_data.o)
 .text          0x00000000        0x0 c:/program files (x86)/atmel/studio/7.0/toolchain/avr8/avr8-gnu-toolchain/bin/../lib/gcc/avr/4.9.2/avr25\libgcc.a(_clear_bss.o)
 .data          0x00000000        0x0 c:/program files (x86)/atmel/studio/7.0/toolchain/avr8/avr8-gnu-toolchain/bin/../lib/gcc/avr/4.9.2/avr25\libgcc.a(_clear_bss.o)
 .bss           0x00000000        0x0 c:/program files (x86)/atmel/studio/7.0/toolchain/avr8/avr8-gnu-toolchain/bin/../lib/gcc/avr/4.9.2/avr25\libgcc.a(_clear_bss.o)
 .text.libgcc.mul
                0x00000000        0x0 c:/program files (x86)/atmel/studio/7.0/toolchain/avr8/avr8-gnu-toolchain/bin/../lib/gcc/avr/4.9.2/avr25\libgcc.a(_clear_bss.o)
 .text.libgcc.div
                0x00000000        0x0 c:/program files (x86)/atmel/studio/7.0/toolchain/avr8/avr8-gnu-toolchain/bin/../lib/gcc/avr/4.9.2/avr25\libgcc.a(_clear_bss.o)
 .text.libgcc   0x00000000        0x0 c:/program files (x86)/atmel/studio/7.0/toolchain/avr8/avr8-gnu-toolchain/bin/../lib/gcc/avr/4.9.2/avr25\libgcc.a(_clear_bss.o)
 .text.libgcc.prologue
                0x00000000        0x0 c:/program files (x86)/atmel/studio/7.0/toolchain/avr8/avr8-gnu-toolchain/bin/../lib/gcc/avr/4.9.2/avr25\libgcc.a(_clear_bss.o)
 .text.libgcc.builtins
                0x00000000        0x0 c:/program files (x86)/atmel/studio/7.0/toolchain/avr8/avr8-gnu-toolchain/bin/../lib/gcc/avr/4.9.2/avr25\libgcc.a(_clear_bss.o)
 .text.libgcc.fmul
                0x00000000        0x0 c:/program files (x86)/atmel/studio/7.0/toolchain/avr8/avr8-gnu-toolchain/bin/../lib/gcc/avr/4.9.2/avr25\libgcc.a(_clear_bss.o)
 .text.libgcc.fixed
                0x00000000        0x0 c:/program files (x86)/atmel/studio/7.0/toolchain/avr8/avr8-gnu-toolchain/bin/../lib/gcc/avr/4.9.2/avr25\libgcc.a(_clear_bss.o)
 .text          0x00000000        0x0 c:/program files (x86)/atmel/studio/7.0/toolchain/avr8/avr8-gnu-toolchain/bin/../lib/gcc/avr/4.9.2/../../../../avr/lib/avr25\libattiny85.a(eerd_byte.o)
 .data          0x00000000        0x0 c:/program files (x86)/atmel/studio/7.0/toolchain/avr8/avr8-gnu-toolchain/bin/../lib/gcc/avr/4.9.2/../../../../avr/lib/avr25\libattiny85.a(eerd_byte.o)
 .bss           0x00000000        0x0 c:/program files (x86)/atmel/studio/7.0/toolchain/avr8/avr8-gnu-toolchain/bin/../lib/gcc/avr/4.9.2/../../../../avr/lib/avr25\libattiny85.a(eerd_byte.o)

Memory Configuration

Name             Origin             Length             Attributes
text             0x00000000         0x00002000         xr
data             0x00800060         0x0000ffa0         rw !x
eeprom           0x00810000         0x00010000         rw !x
fuse             0x00820000         0x00000003         rw !x
lock             0x00830000         0x00000400         rw !x
signature        0x00840000         0x00000400         rw !x
user_signatures  0x00850000         0x00000400         rw !x
*default*        0x00000000         0xffffffff

Linker script and memory map

LOAD c:/program files (x86)/atmel/studio/7.0/toolchain/avr8/avr8-gnu-toolchain/bin/../lib/gcc/avr/4.9.2/../../../../avr/lib/avr25/crtattiny85.o
LOAD NarsilM.o
START GROUP
LOAD c:/program files (x86)/atmel/studio/7.0/toolchain/avr8/avr8-gnu-toolchain/bin/../lib/gcc/avr/4.9.2/../../../../avr/lib/avr25\libm.a
END GROUP
START GROUP
LOAD c:/program files (x86)/atmel/studio/7.0/toolchain/avr8/avr8-gnu-toolchain/bin/../lib/gcc/avr/4.9.2/avr25\libgcc.a
LOAD c:/program files (x86)/atmel/studio/7.0/toolchain/avr8/avr8-gnu-toolchain/bin/../lib/gcc/avr/4.9.2/../../../../avr/lib/avr25\libm.a
LOAD c:/program files (x86)/atmel/studio/7.0/toolchain/avr8/avr8-gnu-toolchain/bin/../lib/gcc/avr/4.9.2/../../../../avr/lib/avr25\libc.a
LOAD c:/program files (x86)/atmel/studio/7.0/toolchain/avr8/avr8-gnu-toolchain/bin/../lib/gcc/avr/4.9.2/../../../../avr/lib/avr25\libattiny85.a
END GROUP
                0x00002000                __TEXT_REGION_LENGTH__ = DEFINED (__TEXT_REGION_LENGTH__)?__TEXT_REGION_LENGTH__:0x2000
                0x0000ffa0                __DATA_REGION_LENGTH__ = DEFINED (__DATA_REGION_LENGTH__)?__DATA_REGION_LENGTH__:0xffa0
                0x00010000                __EEPROM_REGION_LENGTH__ = DEFINED (__EEPROM_REGION_LENGTH__)?__EEPROM_REGION_LENGTH__:0x10000
                [0x00000003]                __FUSE_REGION_LENGTH__ = DEFINED (__FUSE_REGION_LENGTH__)?__FUSE_REGION_LENGTH__:0x400
                0x00000400                __LOCK_REGION_LENGTH__ = DEFINED (__LOCK_REGION_LENGTH__)?__LOCK_REGION_LENGTH__:0x400
                0x00000400                __SIGNATURE_REGION_LENGTH__ = DEFINED (__SIGNATURE_REGION_LENGTH__)?__SIGNATURE_REGION_LENGTH__:0x400
                0x00000400                __USER_SIGNATURE_REGION_LENGTH__ = DEFINED (__USER_SIGNATURE_REGION_LENGTH__)?__USER_SIGNATURE_REGION_LENGTH__:0x400

.hash
 *(.hash)

.dynsym
 *(.dynsym)

.dynstr
 *(.dynstr)

.gnu.version
 *(.gnu.version)

.gnu.version_d
 *(.gnu.version_d)

.gnu.version_r
 *(.gnu.version_r)

.rel.init
 *(.rel.init)

.rela.init
 *(.rela.init)

.rel.text
 *(.rel.text)
 *(.rel.text.*)
 *(.rel.gnu.linkonce.t*)

.rela.text
 *(.rela.text)
 *(.rela.text.*)
 *(.rela.gnu.linkonce.t*)

.rel.fini
 *(.rel.fini)

.rela.fini
 *(.rela.fini)

.rel.rodata
 *(.rel.rodata)
 *(.rel.rodata.*)
 *(.rel.gnu.linkonce.r*)

.rela.rodata
 *(.rela.rodata)
 *(.rela.rodata.*)
 *(.rela.gnu.linkonce.r*)

.rel.data
 *(.rel.data)
 *(.rel.data.*)
 *(.rel.gnu.linkonce.d*)

.rela.data
 *(.rela.data)
 *(.rela.data.*)
 *(.rela.gnu.linkonce.d*)

.rel.ctors
 *(.rel.ctors)

.rela.ctors
 *(.rela.ctors)

.rel.dtors
 *(.rel.dtors)

.rela.dtors
 *(.rela.dtors)

.rel.got
 *(.rel.got)

.rela.got
 *(.rela.got)

.rel.bss
 *(.rel.bss)

.rela.bss
 *(.rela.bss)

.rel.plt
 *(.rel.plt)

.rela.plt
 *(.rela.plt)

.text           0x00000000     0x1cfa
 *(.vectors)
 .vectors       0x00000000       0x1e c:/program files (x86)/atmel/studio/7.0/toolchain/avr8/avr8-gnu-toolchain/bin/../lib/gcc/avr/4.9.2/../../../../avr/lib/avr25/crtattiny85.o
                0x00000000                __vector_default
                0x00000000                __vectors
 *(.vectors)
 *(.progmem.gcc*)
 .progmem.gcc_sw_table.main
                0x0000001e        0xe NarsilM.o
                0x0000002c                . = ALIGN (0x2)
                0x0000002c                __trampolines_start = .
 *(.trampolines)
 .trampolines   0x0000002c        0x0 linker stubs
 *(.trampolines*)
                0x0000002c                __trampolines_end = .
 *libprintf_flt.a:*(.progmem.data)
 *libc.a:*(.progmem.data)
 *(.progmem*)
 .progmem.data.timedStepdownOutVals
                0x0000002c       0x10 NarsilM.o
                0x0000002c                timedStepdownOutVals
 .progmem.data.modeSetCnts
                0x0000003c        0xc NarsilM.o
                0x0000003c                modeSetCnts
 .progmem.data.mode7135Set12
                0x00000048        0x4 NarsilM.o
                0x00000048                mode7135Set12
 .progmem.data.modeFetSet12
                0x0000004c        0x4 NarsilM.o
                0x0000004c                modeFetSet12
 .progmem.data.mode7135Set11
                0x00000050        0x3 NarsilM.o
                0x00000050                mode7135Set11
 .progmem.data.modeFetSet11
                0x00000053        0x3 NarsilM.o
                0x00000053                modeFetSet11
 .progmem.data.mode7135Set10
                0x00000056        0x3 NarsilM.o
                0x00000056                mode7135Set10
 .progmem.data.modeFetSet10
                0x00000059        0x3 NarsilM.o
                0x00000059                modeFetSet10
 .progmem.data.mode7135Set9
                0x0000005c        0x3 NarsilM.o
                0x0000005c                mode7135Set9
 .progmem.data.modeFetSet9
                0x0000005f        0x3 NarsilM.o
                0x0000005f                modeFetSet9
 .progmem.data.mode7135Set8
                0x00000062        0x3 NarsilM.o
                0x00000062                mode7135Set8
 .progmem.data.modeFetSet8
                0x00000065        0x3 NarsilM.o
                0x00000065                modeFetSet8
 .progmem.data.mode7135Set7
                0x00000068        0x7 NarsilM.o
                0x00000068                mode7135Set7
 .progmem.data.modeFetSet7
                0x0000006f        0x7 NarsilM.o
                0x0000006f                modeFetSet7
 .progmem.data.mode7135Set6
                0x00000076        0x6 NarsilM.o
                0x00000076                mode7135Set6
 .progmem.data.modeFetSet6
                0x0000007c        0x6 NarsilM.o
                0x0000007c                modeFetSet6
 .progmem.data.mode7135Set5
                0x00000082        0x5 NarsilM.o
                0x00000082                mode7135Set5
 .progmem.data.modeFetSet5
                0x00000087        0x5 NarsilM.o
                0x00000087                modeFetSet5
 .progmem.data.mode7135Set4
                0x0000008c        0x4 NarsilM.o
                0x0000008c                mode7135Set4
 .progmem.data.modeFetSet4
                0x00000090        0x4 NarsilM.o
                0x00000090                modeFetSet4
 .progmem.data.mode7135Set3
                0x00000094        0x3 NarsilM.o
                0x00000094                mode7135Set3
 .progmem.data.modeFetSet3
                0x00000097        0x3 NarsilM.o
                0x00000097                modeFetSet3
 .progmem.data.mode7135Set2
                0x0000009a        0x2 NarsilM.o
                0x0000009a                mode7135Set2
 .progmem.data.modeFetSet2
                0x0000009c        0x2 NarsilM.o
                0x0000009c                modeFetSet2
 .progmem.data.mode7135Set1
                0x0000009e        0x1 NarsilM.o
                0x0000009e                mode7135Set1
 .progmem.data.modeFetSet1
                0x0000009f        0x1 NarsilM.o
                0x0000009f                modeFetSet1
 .progmem.data.ramp_FET
                0x000000a0       0x96 NarsilM.o
                0x000000a0                ramp_FET
 .progmem.data.ramp_7135
                0x00000136       0x96 NarsilM.o
                0x00000136                ramp_7135
                0x000001cc                . = ALIGN (0x2)
 *(.jumptables)
 *(.jumptables*)
 *(.lowtext)
 *(.lowtext*)
                0x000001cc                __ctors_start = .
 *(.ctors)
                0x000001cc                __ctors_end = .
                0x000001cc                __dtors_start = .
 *(.dtors)
                0x000001cc                __dtors_end = .
 SORT(*)(.ctors)
 SORT(*)(.dtors)
 *(.init0)
 .init0         0x000001cc        0x0 c:/program files (x86)/atmel/studio/7.0/toolchain/avr8/avr8-gnu-toolchain/bin/../lib/gcc/avr/4.9.2/../../../../avr/lib/avr25/crtattiny85.o
                0x000001cc                __init
 *(.init0)
 *(.init1)
 *(.init1)
 *(.init2)
 .init2         0x000001cc        0xc c:/program files (x86)/atmel/studio/7.0/toolchain/avr8/avr8-gnu-toolchain/bin/../lib/gcc/avr/4.9.2/../../../../avr/lib/avr25/crtattiny85.o
 *(.init2)
 *(.init3)
 *(.init3)
 *(.init4)
 .init4         0x000001d8       0x16 c:/program files (x86)/atmel/studio/7.0/toolchain/avr8/avr8-gnu-toolchain/bin/../lib/gcc/avr/4.9.2/avr25\libgcc.a(_copy_data.o)
                0x000001d8                __do_copy_data
 .init4         0x000001ee       0x10 c:/program files (x86)/atmel/studio/7.0/toolchain/avr8/avr8-gnu-toolchain/bin/../lib/gcc/avr/4.9.2/avr25\libgcc.a(_clear_bss.o)
                0x000001ee                __do_clear_bss
 *(.init4)
 *(.init5)
 *(.init5)
 *(.init6)
 *(.init6)
 *(.init7)
 *(.init7)
 *(.init8)
 *(.init8)
 *(.init9)
 .init9         0x000001fe        0x4 c:/program files (x86)/atmel/studio/7.0/toolchain/avr8/avr8-gnu-toolchain/bin/../lib/gcc/avr/4.9.2/../../../../avr/lib/avr25/crtattiny85.o
 *(.init9)
 *(.text)
 .text          0x00000202        0x2 c:/program files (x86)/atmel/studio/7.0/toolchain/avr8/avr8-gnu-toolchain/bin/../lib/gcc/avr/4.9.2/../../../../avr/lib/avr25/crtattiny85.o
                0x00000202                __vector_1
                0x00000202                __bad_interrupt
                0x00000202                __vector_6
                0x00000202                __vector_3
                0x00000202                __vector_11
                0x00000202                __vector_13
                0x00000202                __vector_7
                0x00000202                __vector_5
                0x00000202                __vector_4
                0x00000202                __vector_9
                0x00000202                __vector_14
                0x00000202                __vector_10
                0x00000204                . = ALIGN (0x2)
 *(.text.*)
 .text._delay_ms
                0x00000204       0x12 NarsilM.o
                0x00000204                _delay_ms
 .text.TurnOnBoardLed
                0x00000216       0x1c NarsilM.o
                0x00000216                TurnOnBoardLed
 .text.SetLevel.part.1
                0x00000232       0x26 NarsilM.o
 .text.DefineModeSet
                0x00000258       0x9e NarsilM.o
                0x00000258                DefineModeSet
 .text.SetLevel
                0x000002f6       0x18 NarsilM.o
                0x000002f6                SetLevel
 .text.SetConfigDefaults
                0x0000030e       0x36 NarsilM.o
                0x0000030e                SetConfigDefaults
 .text.Strobe   0x00000344       0x24 NarsilM.o
                0x00000344                Strobe
 .text.EnterSpecialModes
                0x00000368       0x1a NarsilM.o
                0x00000368                EnterSpecialModes
 .text.ExitSpecialModes
                0x00000382       0x24 NarsilM.o
                0x00000382                ExitSpecialModes
 .text.Blink    0x000003a6       0x4a NarsilM.o
                0x000003a6                Blink
 .text.NumBlink
                0x000003f0       0x58 NarsilM.o
                0x000003f0                NumBlink
 .text.BlinkOutNumber
                0x00000448       0x42 NarsilM.o
                0x00000448                BlinkOutNumber
 .text.BlinkLVP
                0x0000048a       0x64 NarsilM.o
                0x0000048a                BlinkLVP
 .text.BlinkIndLed
                0x000004ee       0x38 NarsilM.o
                0x000004ee                BlinkIndLed
 .text.ConfigBlink
                0x00000526       0x22 NarsilM.o
                0x00000526                ConfigBlink
 .text.IsPressed
                0x00000548       0x32 NarsilM.o
                0x00000548                IsPressed
 .text.NextMode
                0x0000057a       0x28 NarsilM.o
                0x0000057a                NextMode
 .text.PrevMode
                0x000005a2       0x22 NarsilM.o
                0x000005a2                PrevMode
 .text.__vector_2
                0x000005c4        0x2 NarsilM.o
                0x000005c4                __vector_2
 .text.WrEEPROM
                0x000005c6       0x12 NarsilM.o
                0x000005c6                WrEEPROM
 .text.SaveConfig
                0x000005d8      0x110 NarsilM.o
                0x000005d8                SaveConfig
 .text.__vector_8
                0x000006e8       0xec NarsilM.o
                0x000006e8                __vector_8
 .text.__vector_12
                0x000007d4      0xa1a NarsilM.o
                0x000007d4                __vector_12
 .text.startup.main
                0x000011ee      0xa92 NarsilM.o
                0x000011ee                main
 .text.libgcc.div
                0x00001c80       0x18 c:/program files (x86)/atmel/studio/7.0/toolchain/avr8/avr8-gnu-toolchain/bin/../lib/gcc/avr/4.9.2/avr25\libgcc.a(_udivmodqi4.o)
                0x00001c80                __udivmodqi4
 .text.libgcc.div
                0x00001c98       0x28 c:/program files (x86)/atmel/studio/7.0/toolchain/avr8/avr8-gnu-toolchain/bin/../lib/gcc/avr/4.9.2/avr25\libgcc.a(_udivmodhi4.o)
                0x00001c98                __udivmodhi4
 .text.libgcc.div
                0x00001cc0       0x26 c:/program files (x86)/atmel/studio/7.0/toolchain/avr8/avr8-gnu-toolchain/bin/../lib/gcc/avr/4.9.2/avr25\libgcc.a(_divmodhi4.o)
                0x00001cc0                _div
                0x00001cc0                __divmodhi4
 .text.avr-libc
                0x00001ce6       0x10 c:/program files (x86)/atmel/studio/7.0/toolchain/avr8/avr8-gnu-toolchain/bin/../lib/gcc/avr/4.9.2/../../../../avr/lib/avr25\libattiny85.a(eerd_byte.o)
                0x00001ce6                eeprom_read_byte
                0x00001cf6                . = ALIGN (0x2)
 *(.fini9)
 .fini9         0x00001cf6        0x0 c:/program files (x86)/atmel/studio/7.0/toolchain/avr8/avr8-gnu-toolchain/bin/../lib/gcc/avr/4.9.2/avr25\libgcc.a(_exit.o)
                0x00001cf6                _exit
                0x00001cf6                exit
 *(.fini9)
 *(.fini8)
 *(.fini8)
 *(.fini7)
 *(.fini7)
 *(.fini6)
 *(.fini6)
 *(.fini5)
 *(.fini5)
 *(.fini4)
 *(.fini4)
 *(.fini3)
 *(.fini3)
 *(.fini2)
 *(.fini2)
 *(.fini1)
 *(.fini1)
 *(.fini0)
 .fini0         0x00001cf6        0x4 c:/program files (x86)/atmel/studio/7.0/toolchain/avr8/avr8-gnu-toolchain/bin/../lib/gcc/avr/4.9.2/avr25\libgcc.a(_exit.o)
 *(.fini0)
                0x00001cfa                _etext = .

.data           0x00800060       0x3a load address 0x00001cfa
                0x00800060                PROVIDE (__data_start, .)
 *(.data)
 *(.data*)
 .data.adc_ticks.1973
                0x00800060        0x2 NarsilM.o
 .data.byStepdownTemp
                0x00800062        0x1 NarsilM.o
                0x00800062                byStepdownTemp
 .data.specialModesCnt
                0x00800063        0x1 NarsilM.o
                0x00800063                specialModesCnt
 .data.modeTable7135
                0x00800064       0x18 NarsilM.o
                0x00800064                modeTable7135
 .data.modeTableFet
                0x0080007c       0x18 NarsilM.o
                0x0080007c                modeTableFet
 *(.rodata)
 *(.rodata*)
 .rodata.specialModes
                0x00800094        0x5 NarsilM.o
                0x00800094                specialModes
 *(.gnu.linkonce.d*)
                0x0080009a                . = ALIGN (0x2)
 *fill*         0x00800099        0x1 
                0x0080009a                _edata = .
                0x0080009a                PROVIDE (__data_end, .)

.bss            0x0080009a       0x5a
                0x0080009a                PROVIDE (__bss_start, .)
 *(.bss)
 *(.bss*)
 .bss.byInitADCTimer.1972
                0x0080009a        0x1 NarsilM.o
 .bss.wLowBattBlinkTicks.1971
                0x0080009b        0x2 NarsilM.o
 .bss.lowbatt_cnt.1974
                0x0080009d        0x1 NarsilM.o
 .bss.initialLevelForClicks.1969
                0x0080009e        0x1 NarsilM.o
 .bss.byModeForClicks.1968
                0x0080009f        0x1 NarsilM.o
 .bss.wStepdownTicks.1967
                0x008000a0        0x2 NarsilM.o
 .bss.turboRestoreLevel.1970
                0x008000a2        0x1 NarsilM.o
 .bss.pressed.1899
                0x008000a3        0x1 NarsilM.o
 .bss.buffer.1900
                0x008000a4        0x1 NarsilM.o
 .bss.eepos     0x008000a5        0x2 NarsilM.o
                0x008000a5                eepos
 .bss.byBlinkActiveChan
                0x008000a7        0x1 NarsilM.o
                0x008000a7                byBlinkActiveChan
 .bss.wThermalTicks
                0x008000a8        0x2 NarsilM.o
                0x008000a8                wThermalTicks
 .bss.adc_step  0x008000aa        0x1 NarsilM.o
                0x008000aa                adc_step
 .bss.byTempReading
                0x008000ab        0x1 NarsilM.o
                0x008000ab                byTempReading
 .bss.byVoltage
                0x008000ac        0x1 NarsilM.o
                0x008000ac                byVoltage
 .bss.LowBattBlinkSignal
                0x008000ad        0x1 NarsilM.o
                0x008000ad                LowBattBlinkSignal
 .bss.LowBattState
                0x008000ae        0x1 NarsilM.o
                0x008000ae                LowBattState
 .bss.LowBattSignal
                0x008000af        0x1 NarsilM.o
                0x008000af                LowBattSignal
 .bss.holdHandled
                0x008000b0        0x1 NarsilM.o
                0x008000b0                holdHandled
 .bss.wTimedStepdownTickLimit
                0x008000b1        0x2 NarsilM.o
                0x008000b1                wTimedStepdownTickLimit
 .bss.wIdleTicks
                0x008000b3        0x2 NarsilM.o
                0x008000b3                wIdleTicks
 .bss.modeMemoryLastModeIdx
                0x008000b5        0x1 NarsilM.o
                0x008000b5                modeMemoryLastModeIdx
 .bss.fastClicks
                0x008000b6        0x1 NarsilM.o
                0x008000b6                fastClicks
 .bss.wPressDuration
                0x008000b7        0x2 NarsilM.o
                0x008000b7                wPressDuration
 .bss.prevRamping
                0x008000b9        0x1 NarsilM.o
                0x008000b9                prevRamping
 .bss.prevModeIdx
                0x008000ba        0x1 NarsilM.o
                0x008000ba                prevModeIdx
 .bss.modeIdx   0x008000bb        0x1 NarsilM.o
                0x008000bb                modeIdx
 .bss.configIdleTime
                0x008000bc        0x1 NarsilM.o
                0x008000bc                configIdleTime
 .bss.configClicks
                0x008000bd        0x1 NarsilM.o
                0x008000bd                configClicks
 .bss.prevConfigMode
                0x008000be        0x1 NarsilM.o
                0x008000be                prevConfigMode
 .bss.ConfigMode
                0x008000bf        0x1 NarsilM.o
                0x008000bf                ConfigMode
 .bss.byLockOutSet
                0x008000c0        0x1 NarsilM.o
                0x008000c0                byLockOutSet
 .bss.byDelayRamping
                0x008000c1        0x1 NarsilM.o
                0x008000c1                byDelayRamping
 .bss.savedLevel
                0x008000c2        0x1 NarsilM.o
                0x008000c2                savedLevel
 .bss.dontToggleDir
                0x008000c3        0x1 NarsilM.o
                0x008000c3                dontToggleDir
 .bss.rampLastDirState
                0x008000c4        0x1 NarsilM.o
                0x008000c4                rampLastDirState
 .bss.rampState
                0x008000c5        0x1 NarsilM.o
                0x008000c5                rampState
 .bss.rampingLevel
                0x008000c6        0x1 NarsilM.o
                0x008000c6                rampingLevel
 .bss.momentaryState
                0x008000c7        0x1 NarsilM.o
                0x008000c7                momentaryState
 .bss.OffTimeEnable
                0x008000c8        0x1 NarsilM.o
                0x008000c8                OffTimeEnable
 *(COMMON)
 COMMON         0x008000c9       0x2b NarsilM.o
                0x008000c9                config2
                0x008000ca                currOutLvl2
                0x008000cb                stepdownMode
                0x008000cc                highToLow
                0x008000cd                ramping
                0x008000ce                byFETModes
                0x008000d8                by7135Modes
                0x008000e2                modesCnt
                0x008000e3                bvldLedOnly
                0x008000e4                currOutLvl1
                0x008000e5                outLevel
                0x008000e6                blinkyMode
                0x008000e7                rampPauseCntDn
                0x008000e8                locatorLed
                0x008000e9                last_modeIdx
                0x008000ea                config3
                0x008000eb                byStartupDelayTime
                0x008000ec                onboardLedEnable
                0x008000ed                modeSetIdx
                0x008000ee                config1
                0x008000ef                locatorLedOn
                0x008000f0                modeMemoryEnabled
                0x008000f1                moonlightLevel
                0x008000f2                moonLightEnable
                0x008000f3                specModeIdx
                0x008000f4                PROVIDE (__bss_end, .)
                0x00001cfa                __data_load_start = LOADADDR (.data)
                0x00001d34                __data_load_end = (__data_load_start + SIZEOF (.data))

.noinit         0x008000f4        0x1
                [!provide]                PROVIDE (__noinit_start, .)
 *(.noinit*)
 .noinit        0x008000f4        0x1 NarsilM.o
                0x008000f4                noinit_decay
                [!provide]                PROVIDE (__noinit_end, .)
                0x008000f5                _end = .
                [!provide]                PROVIDE (__heap_start, .)

.eeprom         0x00810000        0x0
 *(.eeprom*)
                0x00810000                __eeprom_end = .

.fuse
 *(.fuse)
 *(.lfuse)
 *(.hfuse)
 *(.efuse)

.lock
 *(.lock*)

.signature
 *(.signature*)

.user_signatures
 *(.user_signatures*)

.stab
 *(.stab)

.stabstr
 *(.stabstr)

.stab.excl
 *(.stab.excl)

.stab.exclstr
 *(.stab.exclstr)

.stab.index
 *(.stab.index)

.stab.indexstr
 *(.stab.indexstr)

.comment        0x00000000       0x30
 *(.comment)
 .comment       0x00000000       0x30 NarsilM.o
                                 0x31 (size before relaxing)

.note.gnu.avr.deviceinfo
                0x00000000       0x3c
 .note.gnu.avr.deviceinfo
                0x00000000       0x3c c:/program files (x86)/atmel/studio/7.0/toolchain/avr8/avr8-gnu-toolchain/bin/../lib/gcc/avr/4.9.2/../../../../avr/lib/avr25/crtattiny85.o

.note.gnu.build-id
 *(.note.gnu.build-id)

.debug
 *(.debug)

.line
 *(.line)

.debug_srcinfo
 *(.debug_srcinfo)

.debug_sfnames
 *(.debug_sfnames)

.debug_aranges  0x00000000       0xe8
 *(.debug_aranges)
 .debug_aranges
                0x00000000       0xe8 NarsilM.o

.debug_pubnames
 *(.debug_pubnames)

.debug_info     0x00000000     0x2517
 *(.debug_info .gnu.linkonce.wi.*)
 .debug_info    0x00000000      0x420 c:/program files (x86)/atmel/studio/7.0/toolchain/avr8/avr8-gnu-toolchain/bin/../lib/gcc/avr/4.9.2/../../../../avr/lib/avr25/crtattiny85.o
 .debug_info    0x00000420     0x20f7 NarsilM.o

.debug_abbrev   0x00000000      0x82e
 *(.debug_abbrev)
 .debug_abbrev  0x00000000      0x3e8 c:/program files (x86)/atmel/studio/7.0/toolchain/avr8/avr8-gnu-toolchain/bin/../lib/gcc/avr/4.9.2/../../../../avr/lib/avr25/crtattiny85.o
 .debug_abbrev  0x000003e8      0x446 NarsilM.o

.debug_line     0x00000000     0x1b83
 *(.debug_line .debug_line.* .debug_line_end)
 .debug_line    0x00000000       0x1a c:/program files (x86)/atmel/studio/7.0/toolchain/avr8/avr8-gnu-toolchain/bin/../lib/gcc/avr/4.9.2/../../../../avr/lib/avr25/crtattiny85.o
 .debug_line    0x0000001a     0x1b69 NarsilM.o

.debug_frame    0x00000000      0x2d4
 *(.debug_frame)
 .debug_frame   0x00000000      0x2d4 NarsilM.o

.debug_str      0x00000000      0xa5b
 *(.debug_str)
 .debug_str     0x00000000      0x169 c:/program files (x86)/atmel/studio/7.0/toolchain/avr8/avr8-gnu-toolchain/bin/../lib/gcc/avr/4.9.2/../../../../avr/lib/avr25/crtattiny85.o
 .debug_str     0x00000169      0x8f2 NarsilM.o
                                0x948 (size before relaxing)

.debug_loc      0x00000000      0xfec
 *(.debug_loc)
 .debug_loc     0x00000000      0xfec NarsilM.o

.debug_macinfo
 *(.debug_macinfo)

.debug_weaknames
 *(.debug_weaknames)

.debug_funcnames
 *(.debug_funcnames)

.debug_typenames
 *(.debug_typenames)

.debug_varnames
 *(.debug_varnames)

.debug_pubtypes
 *(.debug_pubtypes)

.debug_ranges   0x00000000      0x198
 *(.debug_ranges)
 .debug_ranges  0x00000000      0x198 NarsilM.o

.debug_macro
 *(.debug_macro)
OUTPUT(NarsilM.elf elf32-avr)
LOAD linker stubs
